2026-08-04 11:27:36 | INFO     | decontamination      | ===== RUN 20260804-112736-5927de | pid=8972 | started 2026-08-04 11:27:36 =====
2026-08-04 11:27:36 | INFO     | decontamination      | ==============================================================================
2026-08-04 11:27:36 | INFO     | decontamination      | Tier 2A.4 — decontamination of fit-and-evaluate-on-the-same-data
2026-08-04 11:27:36 | INFO     | decontamination      | ==============================================================================
2026-08-04 11:27:36 | INFO     | decontamination      |   val patient recovery : OK: verified against the label sequence (14,303 patients / 20,949 rows
2026-08-04 11:27:36 | INFO     | decontamination      |   train patient recovery: OK: verified against the label sequence (42,910 patients / 63,492 rows
2026-08-04 11:27:36 | INFO     | decontamination      |   val halved by patient: calibration 10,367 rows / audit 10,582 rows (7151 vs 7152 patients)
2026-08-04 11:27:36 | INFO     | decontamination      | --------------------------------------------------------------
2026-08-04 11:27:36 | INFO     | decontamination      | 1/3 Isotonic calibration — ECE
2026-08-04 11:27:36 | INFO     | decontamination      |   contaminated: val ECE 0.00000 (IN-SAMPLE)
2026-08-04 11:27:36 | INFO     | decontamination      |   decontaminated: audit-half ECE 0.00568 (HELD-OUT) | calib-half 0.00000 (in-sample)
2026-08-04 11:27:36 | INFO     | decontamination      |   optimism hidden by the contaminated number: +0.00568
2026-08-04 11:27:36 | INFO     | decontamination      | --------------------------------------------------------------
2026-08-04 11:27:36 | INFO     | decontamination      | 2/3 Conformal coverage (target 90%)
2026-08-04 11:27:36 | INFO     | decontamination      |   contaminated : val coverage 0.9018 (IN-SAMPLE) | test 0.9168
2026-08-04 11:27:36 | INFO     | decontamination      |   decontaminated: calib-half 0.9005 (in-sample) | AUDIT-HALF 0.8943 (HELD-OUT) | test 0.9134
2026-08-04 11:27:36 | INFO     | decontamination      |   mean set size: audit 1.005 | both-labels 0.005
2026-08-04 11:27:36 | INFO     | decontamination      | --------------------------------------------------------------
2026-08-04 11:27:36 | INFO     | decontamination      | 3/3 Operating threshold
2026-08-04 11:27:37 | INFO     | decontamination      |   contaminated  thr 0.1250: val F1 0.2627 -> test 0.2200 (drop +0.0427)
2026-08-04 11:27:37 | INFO     | decontamination      |   train-holdout thr 0.1800: val F1 0.1908 -> test 0.2122 (drop -0.0214)
2026-08-04 11:27:37 | INFO     | decontamination      |   threshold optimism in the reported drop: +0.0641
2026-08-04 11:27:37 | INFO     | decontamination      | --------------------------------------------------------------
2026-08-04 11:27:37 | INFO     | decontamination      | Report: decontamination.json
2026-08-04 11:27:37 | INFO     | decontamination      | ==============================================================================
2026-08-04 19:54:14 | INFO     | decontamination      | ===== RUN 20260804-195414-815a7d | pid=27116 | started 2026-08-04 19:54:14 =====
2026-08-04 19:54:14 | INFO     | decontamination      | ==============================================================================
2026-08-04 19:54:14 | INFO     | decontamination      | Tier 2A.4 — decontamination of fit-and-evaluate-on-the-same-data
2026-08-04 19:54:14 | INFO     | decontamination      | ==============================================================================
2026-08-04 19:54:14 | INFO     | decontamination      |   val patient recovery : OK: verified against the label sequence (14,303 patients / 20,949 rows
2026-08-04 19:54:14 | INFO     | decontamination      |   train patient recovery: OK: verified against the label sequence (42,910 patients / 63,492 rows
2026-08-04 19:54:14 | INFO     | decontamination      |   val halved by patient: calibration 10,367 rows / audit 10,582 rows (7151 vs 7152 patients)
2026-08-04 19:54:14 | INFO     | decontamination      | --------------------------------------------------------------
2026-08-04 19:54:14 | INFO     | decontamination      | 1/3 Isotonic calibration — ECE
2026-08-04 19:54:14 | INFO     | decontamination      |   contaminated: val ECE 0.00000 (IN-SAMPLE)
2026-08-04 19:54:14 | INFO     | decontamination      |   decontaminated: audit-half ECE 0.00568 (HELD-OUT) | calib-half 0.00000 (in-sample)
2026-08-04 19:54:14 | INFO     | decontamination      |   optimism hidden by the contaminated number: +0.00568
2026-08-04 19:54:14 | INFO     | decontamination      | --------------------------------------------------------------
2026-08-04 19:54:14 | INFO     | decontamination      | 2/3 Conformal coverage (target 90%)
2026-08-04 19:54:14 | INFO     | decontamination      |   contaminated : val coverage 0.9018 (IN-SAMPLE) | test 0.9168
2026-08-04 19:54:14 | INFO     | decontamination      |   decontaminated: calib-half 0.9005 (in-sample) | AUDIT-HALF 0.8943 (HELD-OUT) | test 0.9134
2026-08-04 19:54:14 | INFO     | decontamination      |   mean set size: audit 1.005 | both-labels 0.005
2026-08-04 19:54:14 | INFO     | decontamination      | --------------------------------------------------------------
2026-08-04 19:54:14 | INFO     | decontamination      | 3/3 Operating threshold
2026-08-04 19:54:16 | INFO     | decontamination      |   contaminated  thr 0.1250: val F1 0.2627 -> test 0.2200 (drop +0.0427)
2026-08-04 19:54:16 | INFO     | decontamination      |   train-holdout thr 0.1750 [DEPLOYMENT scale]: val F1 0.2368 -> test 0.1965 (drop +0.0403)
2026-08-04 19:54:16 | INFO     | decontamination      |   train-holdout thr 0.1800 [RESEARCH scale]: val(audit) F1 0.2409 -> test 0.2122 (drop +0.0287)
2026-08-04 19:54:16 | INFO     | decontamination      |   threshold optimism in the reported drop: +0.0024 (deployment scale)
2026-08-04 19:54:16 | INFO     | decontamination      | --------------------------------------------------------------
2026-08-04 19:54:16 | INFO     | decontamination      | Report: decontamination.json
2026-08-04 19:54:16 | INFO     | decontamination      | ==============================================================================
