2026-05-11 21:33:24 | INFO     | feature_drift        | ======================================================================
2026-05-11 21:33:24 | INFO     | feature_drift        | DriftSentinel — Feature Drift Detection Run
2026-05-11 21:33:24 | INFO     | feature_drift        | ======================================================================
2026-05-11 21:33:24 | INFO     | feature_drift        | ======================================================================
2026-05-11 21:33:24 | INFO     | feature_drift        | DriftSentinel — Feature Drift Analyzer
2026-05-11 21:33:24 | INFO     | feature_drift        |   Reference  : val  (20,949 rows)
2026-05-11 21:33:24 | INFO     | feature_drift        |   Production : test  (17,325 rows)
2026-05-11 21:33:24 | INFO     | feature_drift        | ======================================================================
2026-05-11 21:33:24 | INFO     | feature_drift        | --------------------------------------------------
2026-05-11 21:33:24 | INFO     | feature_drift        | Step 1: Computing data drift scores
2026-05-11 21:33:24 | INFO     | feature_drift        |   Drifted features: 25/53
2026-05-11 21:33:24 | INFO     | feature_drift        | --------------------------------------------------
2026-05-11 21:33:24 | INFO     | feature_drift        | Step 2: Computing SHAP distribution shift
2026-05-11 21:33:32 | INFO     | feature_drift        |   Top SHAP shift (ref→prod):
    FE_multi_channel_utilizer                ref=0.2329  prod=0.2202  Δ=-0.0128  (-5.5%)
    discharge_disposition_id                 ref=0.1556  prod=0.1491  Δ=-0.0065  (-4.2%)
    FE_has_prior_inpatient                   ref=0.1329  prod=0.1254  Δ=-0.0075  (-5.7%)
    number_diagnoses                         ref=0.1279  prod=0.1355  Δ=+0.0076  (+5.9%)
    FE_high_prior_utilization                ref=0.1231  prod=0.1085  Δ=-0.0146  (-11.9%)
    medical_specialty                        ref=0.1223  prod=0.1214  Δ=-0.0010  (-0.8%)
    admission_source_id                      ref=0.0976  prod=0.1001  Δ=+0.0025  (+2.5%)
    payer_code                               ref=0.0691  prod=0.0760  Δ=+0.0069  (+10.0%)
    age                                      ref=0.0544  prod=0.0515  Δ=-0.0029  (-5.3%)
    FE_lab_to_procedure_ratio                ref=0.0542  prod=0.0592  Δ=+0.0051  (+9.4%)
2026-05-11 21:33:32 | INFO     | feature_drift        | --------------------------------------------------
2026-05-11 21:33:32 | INFO     | feature_drift        | Step 3: Computing feature drift impact scores
2026-05-11 21:33:32 | INFO     | feature_drift        | --------------------------------------------------
2026-05-11 21:33:32 | INFO     | feature_drift        | Step 4: Feature drift impact report
2026-05-11 21:33:32 | INFO     | feature_drift        | Feature                                        Impact    Risk  Drift  SHAP_ref  SHAP_Δ%
2026-05-11 21:33:32 | INFO     | feature_drift        | ----------------------------------------------------------------------
2026-05-11 21:33:32 | INFO     | feature_drift        |   FE_multi_channel_utilizer                    0.4556    HIGH    YES  0.232922     -5.5%
2026-05-11 21:33:32 | INFO     | feature_drift        |   FE_lab_to_procedure_ratio                    0.4539    HIGH    YES  0.054155     +9.4%
2026-05-11 21:33:32 | INFO     | feature_drift        |   payer_code                                   0.4295    HIGH    YES  0.069084    +10.0%
2026-05-11 21:33:32 | INFO     | feature_drift        |   number_diagnoses                             0.4068    HIGH    YES  0.127907     +5.9%
2026-05-11 21:33:32 | INFO     | feature_drift        |   discharge_disposition_id                     0.4048    HIGH    YES  0.155604     -4.2%
2026-05-11 21:33:32 | INFO     | feature_drift        |   diag_1                                       0.4008    HIGH    YES  0.052229     +7.1%
2026-05-11 21:33:32 | INFO     | feature_drift        |   FE_high_prior_utilization                    0.3975    HIGH     NO  0.123127    -11.9%
2026-05-11 21:33:32 | INFO     | feature_drift        |   medical_specialty                            0.3953    HIGH    YES  0.122345     -0.8%
2026-05-11 21:33:32 | INFO     | feature_drift        |   age                                          0.3928    HIGH    YES  0.054431     -5.3%
2026-05-11 21:33:32 | INFO     | feature_drift        |   FE_total_active_meds                         0.3816    HIGH     NO  0.048271     +8.0%
2026-05-11 21:33:32 | INFO     | feature_drift        |   FE_has_prior_inpatient                       0.3727    HIGH     NO  0.132916     -5.7%
2026-05-11 21:33:32 | INFO     | feature_drift        |   FE_total_clinical_contacts                   0.3694    HIGH    YES  0.035671    +12.6%
2026-05-11 21:33:32 | INFO     | feature_drift        |   num_medications                              0.3685    HIGH     NO  0.053204     +1.6%
2026-05-11 21:33:32 | INFO     | feature_drift        |   admission_source_id                          0.3642    HIGH     NO  0.097632     +2.5%
2026-05-11 21:33:32 | INFO     | feature_drift        |   admission_type_id                            0.3613    HIGH    YES  0.045946     -5.6%
2026-05-11 21:33:32 | INFO     | feature_drift        |   FE_labs_per_day_x_comorbidity                0.3590    HIGH    YES  0.038479    +14.3%
2026-05-11 21:33:32 | INFO     | feature_drift        |   diag_2                                       0.2711  MEDIUM    YES  0.031235     +4.2%
2026-05-11 21:33:32 | INFO     | feature_drift        |   FE_labs_per_day                              0.2497  MEDIUM    YES  0.024971     +9.3%
2026-05-11 21:33:32 | INFO     | feature_drift        |   FE_diag_med_ratio                            0.2404  MEDIUM    YES  0.029284     -3.6%
2026-05-11 21:33:32 | INFO     | feature_drift        |   FE_insulin_changed                           0.2388  MEDIUM     NO  0.030063     -7.1%
2026-05-11 21:33:32 | INFO     | feature_drift        | ----------------------------------------------------------------------
2026-05-11 21:33:32 | INFO     | feature_drift        |   HIGH risk features   : 16
2026-05-11 21:33:32 | INFO     | feature_drift        |   MEDIUM risk features : 13
2026-05-11 21:33:32 | INFO     | feature_drift        |   LOW risk features    : 24
2026-05-11 21:33:32 | INFO     | feature_drift        | --------------------------------------------------
2026-05-11 21:33:32 | INFO     | feature_drift        | Step 5: SHAP rank stability analysis
2026-05-11 21:33:32 | INFO     | feature_drift        |   Top rank shifts (ref→prod):
2026-05-11 21:33:32 | INFO     | feature_drift        |     age                                         ref_rank=  9  prod_rank= 13  shift=  +4 ↓
2026-05-11 21:33:32 | INFO     | feature_drift        |     race                                        ref_rank= 33  prod_rank= 30  shift=  -3 ↑
2026-05-11 21:33:32 | INFO     | feature_drift        |     FE_meds_per_day                             ref_rank= 23  prod_rank= 26  shift=  +3 ↓
2026-05-11 21:33:32 | INFO     | feature_drift        |     diag_1                                      ref_rank= 12  prod_rank= 10  shift=  -2 ↑
2026-05-11 21:33:32 | INFO     | feature_drift        |     FE_glycemic_x_emergency                     ref_rank= 21  prod_rank= 23  shift=  +2 ↓
2026-05-11 21:33:32 | INFO     | feature_drift        |     FE_insulin_increased                        ref_rank= 47  prod_rank= 45  shift=  -2 ↑
2026-05-11 21:33:32 | INFO     | feature_drift        |     FE_on_diabetes_med                          ref_rank= 24  prod_rank= 22  shift=  -2 ↑
2026-05-11 21:33:32 | INFO     | feature_drift        |     FE_any_med_changed                          ref_rank= 45  prod_rank= 47  shift=  +2 ↓
2026-05-11 21:33:32 | INFO     | feature_drift        |     FE_diag_med_ratio                           ref_rank= 19  prod_rank= 18  shift=  -1 ↑
2026-05-11 21:33:32 | INFO     | feature_drift        |     FE_insulin_changed                          ref_rank= 18  prod_rank= 19  shift=  +1 ↓
2026-05-11 21:33:32 | INFO     | feature_drift        | --------------------------------------------------
2026-05-11 21:33:32 | INFO     | feature_drift        | Step 6: FE_ vs raw feature drift comparison
2026-05-11 21:33:32 | INFO     | feature_drift        |   FE_ features  — mean impact=0.1818  high_risk=7
2026-05-11 21:33:32 | INFO     | feature_drift        |   Raw features  — mean impact=0.2215  high_risk=9
2026-05-11 21:33:32 | INFO     | feature_drift        |   Feature drift CSV: C:\Users\sharg\Desktop\github\DriftSentinel\outputs\log\feature_drift_val_test.csv
2026-05-11 21:33:32 | INFO     | feature_drift        |   Feature drift report: C:\Users\sharg\Desktop\github\DriftSentinel\outputs\log\feature_drift_report_val_test.json
2026-05-11 21:33:32 | INFO     | feature_drift        | ======================================================================
2026-05-11 21:33:32 | INFO     | feature_drift        | Feature Drift Analysis Complete
2026-05-11 21:33:32 | INFO     | feature_drift        |   HIGH risk  : 16
2026-05-11 21:33:32 | INFO     | feature_drift        |   MEDIUM risk: 13
2026-05-11 21:33:32 | INFO     | feature_drift        |   LOW risk   : 24
2026-05-11 21:33:32 | INFO     | feature_drift        |   Next: concept_drift.py → alerting.py
2026-05-11 21:33:32 | INFO     | feature_drift        | ======================================================================
