2026-05-12 10:18:12 | INFO     | quantifier           | ======================================================================
2026-05-12 10:18:12 | INFO     | quantifier           | DriftSentinel — Conformal Prediction Quantifier
2026-05-12 10:18:12 | INFO     | quantifier           | ======================================================================
2026-05-12 10:18:12 | INFO     | quantifier           |   Calibrated probabilities loaded
2026-05-12 10:18:12 | INFO     | quantifier           |   Val  mean proba: 0.4764
2026-05-12 10:18:12 | INFO     | quantifier           |   Test mean proba: 0.4525
2026-05-12 10:18:12 | INFO     | quantifier           | 
==================================================
2026-05-12 10:18:12 | INFO     | quantifier           | Step 1: Multi-alpha Conformal Prediction
2026-05-12 10:18:12 | INFO     | quantifier           | ==================================================
2026-05-12 10:18:12 | INFO     | quantifier           |   Fitting 3 alpha × 3 method = 9 predictors
2026-05-12 10:18:12 | INFO     | quantifier           |     [thr_a05] q_hat=0.7171  target_cov=95%
2026-05-12 10:18:12 | INFO     | quantifier           |     [thr_a10] q_hat=0.6384  target_cov=90%
2026-05-12 10:18:12 | INFO     | quantifier           |     [thr_a20] q_hat=0.5754  target_cov=80%
2026-05-12 10:18:12 | INFO     | quantifier           |     [lac_a05] q_hat=0.7171  target_cov=95%
2026-05-12 10:18:12 | INFO     | quantifier           |     [lac_a10] q_hat=0.6384  target_cov=90%
2026-05-12 10:18:12 | INFO     | quantifier           |     [lac_a20] q_hat=0.5754  target_cov=80%
2026-05-12 10:18:12 | INFO     | quantifier           |     [aps_a05] q_hat=1.0000  target_cov=95%
2026-05-12 10:18:12 | INFO     | quantifier           |     [aps_a10] q_hat=1.0000  target_cov=90%
2026-05-12 10:18:12 | INFO     | quantifier           |     [aps_a20] q_hat=1.0000  target_cov=80%
2026-05-12 10:18:12 | INFO     | quantifier           | 
  Coverage results on TEST split:
2026-05-12 10:18:12 | INFO     | quantifier           |   Key            Target  Empirical      Gap  SetSize  Satisfied
2026-05-12 10:18:12 | INFO     | quantifier           |   ------------------------------------------------------------
2026-05-12 10:18:12 | INFO     | quantifier           |   aps_a05         0.950      1.000   +0.050    2.000          ✓
2026-05-12 10:18:12 | INFO     | quantifier           |   aps_a10         0.900      1.000   +0.100    2.000          ✓
2026-05-12 10:18:12 | INFO     | quantifier           |   aps_a20         0.800      1.000   +0.200    2.000          ✓
2026-05-12 10:18:12 | INFO     | quantifier           |   lac_a05         0.950      0.972   +0.022    1.860          ✓
2026-05-12 10:18:12 | INFO     | quantifier           |   lac_a10         0.900      0.914   +0.014    1.679          ✓
2026-05-12 10:18:12 | INFO     | quantifier           |   lac_a20         0.800      0.821   +0.021    1.418          ✓
2026-05-12 10:18:12 | INFO     | quantifier           |   thr_a05         0.950      0.972   +0.022    1.860          ✓
2026-05-12 10:18:12 | INFO     | quantifier           |   thr_a10         0.900      0.914   +0.014    1.679          ✓
2026-05-12 10:18:12 | INFO     | quantifier           |   thr_a20         0.800      0.821   +0.021    1.418          ✓
2026-05-12 10:18:12 | INFO     | quantifier           | 
==================================================
2026-05-12 10:18:12 | INFO     | quantifier           | Step 2: Coverage Drift Analysis (val vs test)
2026-05-12 10:18:12 | INFO     | quantifier           | ==================================================
2026-05-12 10:18:12 | INFO     | quantifier           | 
  Key           Val_cov  Test_cov    Delta  Guaranteed  DriftSignal
2026-05-12 10:18:12 | INFO     | quantifier           |   -----------------------------------------------------------------
2026-05-12 10:18:12 | INFO     | quantifier           |   thr_a05         0.968     0.972   +0.004         YES       stable
2026-05-12 10:18:12 | INFO     | quantifier           |   thr_a10         0.904     0.914   +0.010         YES       stable
2026-05-12 10:18:12 | INFO     | quantifier           |   thr_a20         0.812     0.821   +0.009         YES       stable
2026-05-12 10:18:12 | INFO     | quantifier           |   lac_a05         0.968     0.972   +0.004         YES       stable
2026-05-12 10:18:12 | INFO     | quantifier           |   lac_a10         0.904     0.914   +0.010         YES       stable
2026-05-12 10:18:12 | INFO     | quantifier           |   lac_a20         0.812     0.821   +0.009         YES       stable
2026-05-12 10:18:12 | INFO     | quantifier           |   aps_a05         1.000     1.000   +0.000         YES       stable
2026-05-12 10:18:12 | INFO     | quantifier           |   aps_a10         1.000     1.000   +0.000         YES       stable
2026-05-12 10:18:12 | INFO     | quantifier           |   aps_a20         1.000     1.000   +0.000         YES       stable
2026-05-12 10:18:12 | INFO     | quantifier           | 
==================================================
2026-05-12 10:18:12 | INFO     | quantifier           | Step 3: Single Patient Prediction Example
2026-05-12 10:18:12 | INFO     | quantifier           | ==================================================
2026-05-12 10:18:12 | INFO     | quantifier           |   p=0.25 → set=['NO readmission']  certain=True  With 90% coverage guarantee: CERTAIN — NO readmission
2026-05-12 10:18:12 | INFO     | quantifier           |   p=0.45 → set=['NO readmission', 'READMISSION']  certain=False  With 90% coverage guarantee: UNCERTAIN — both outcomes possible
2026-05-12 10:18:12 | INFO     | quantifier           |   p=0.55 → set=['NO readmission', 'READMISSION']  certain=False  With 90% coverage guarantee: UNCERTAIN — both outcomes possible
2026-05-12 10:18:12 | INFO     | quantifier           |   p=0.75 → set=['READMISSION']  certain=True  With 90% coverage guarantee: CERTAIN — READMISSION
2026-05-12 10:18:12 | INFO     | quantifier           |   p=0.90 → set=['READMISSION']  certain=True  With 90% coverage guarantee: CERTAIN — READMISSION
2026-05-12 10:18:12 | INFO     | quantifier           | 
==================================================
2026-05-12 10:18:12 | INFO     | quantifier           | Step 4: Generating plots
2026-05-12 10:18:12 | INFO     | quantifier           | ==================================================
2026-05-12 10:18:33 | INFO     | quantifier           |   Saved: 26_conformal_coverage_lgbm_v1.png
2026-05-12 10:18:35 | INFO     | quantifier           |   Saved: 27_coverage_drift_lgbm_v1.png
2026-05-12 10:18:35 | INFO     | quantifier           | 
  Conformal predictor saved: C:\Users\sharg\Desktop\github\DriftSentinel\outputs\artifacts\conformal_predictor_lgbm_v1.pkl
2026-05-12 10:18:35 | INFO     | quantifier           |   Conformal report saved: C:\Users\sharg\Desktop\github\DriftSentinel\outputs\log\conformal_report_lgbm_v1.json
2026-05-12 10:18:35 | INFO     | quantifier           | ======================================================================
2026-05-12 10:18:35 | INFO     | quantifier           | Conformal Prediction Complete
2026-05-12 10:18:35 | INFO     | quantifier           |   THR 90% coverage  : 0.9139 (target=0.90)
2026-05-12 10:18:35 | INFO     | quantifier           |   Coverage gap      : +0.0139
2026-05-12 10:18:35 | INFO     | quantifier           |   Mean set size     : 1.6787
2026-05-12 10:18:35 | INFO     | quantifier           |   Drift signals     : 0/9
2026-05-12 10:18:35 | INFO     | quantifier           |   Next: threshold.py
2026-05-12 10:18:35 | INFO     | quantifier           | ======================================================================
