2026-05-12 15:55:50 | INFO     | threshold            | ======================================================================
2026-05-12 15:55:50 | INFO     | threshold            | DriftSentinel — Adaptive Threshold Optimizer
2026-05-12 15:55:50 | INFO     | threshold            | ======================================================================
2026-05-12 15:55:51 | INFO     | threshold            |   Val  pos rate: 0.4764
2026-05-12 15:55:51 | INFO     | threshold            |   Test pos rate: 0.3364
2026-05-12 15:55:51 | INFO     | threshold            | 
==================================================
2026-05-12 15:55:51 | INFO     | threshold            | Step 1: Optimal thresholds on VAL (calibration set)
2026-05-12 15:55:51 | INFO     | threshold            | ==================================================
2026-05-12 15:55:51 | INFO     | threshold            |   Method           Threshold    Score
2026-05-12 15:55:51 | INFO     | threshold            |   ------------------------------------
2026-05-12 15:55:51 | INFO     | threshold            |   f1_max              0.3401   0.6735
2026-05-12 15:55:51 | INFO     | threshold            |   youden              0.4784   0.2583
2026-05-12 15:55:51 | INFO     | threshold            |   cost_sensitive      0.1282   0.9564
2026-05-12 15:55:51 | INFO     | threshold            |   prec50              0.2169   0.9856
2026-05-12 15:55:51 | INFO     | threshold            |   fixed_0.5           0.5000
2026-05-12 15:55:51 | INFO     | threshold            | 
==================================================
2026-05-12 15:55:51 | INFO     | threshold            | Step 2: Apply val thresholds to TEST (drift window)
2026-05-12 15:55:51 | INFO     | threshold            | ==================================================
2026-05-12 15:55:51 | INFO     | threshold            | 
  Name               Thr      F1    Prec   Recall   FN_rate    Cost
2026-05-12 15:55:51 | INFO     | threshold            |   -----------------------------------------------------------------
2026-05-12 15:55:51 | INFO     | threshold            |   f1_max          0.3401  0.5299  0.3726   0.9171    0.0829  1.1974
2026-05-12 15:55:51 | INFO     | threshold            |   prec50          0.2169  0.5178  0.3518   0.9804    0.0196  1.0134
2026-05-12 15:55:51 | INFO     | threshold            |   cost            0.1282  0.5126  0.3452   0.9950    0.0050  0.9817
2026-05-12 15:55:51 | INFO     | threshold            |   youden          0.4784  0.5062  0.4550   0.5705    0.4295  2.4938
2026-05-12 15:55:51 | INFO     | threshold            |   fixed_05        0.5000  0.4683  0.4848   0.4530    0.5470  2.9791
2026-05-12 15:55:51 | INFO     | threshold            | 
==================================================
2026-05-12 15:55:51 | INFO     | threshold            | Step 3: Oracle thresholds on TEST (what we could achieve)
2026-05-12 15:55:51 | INFO     | threshold            | ==================================================
2026-05-12 15:55:51 | INFO     | threshold            |   Method            Val_thr   Test_thr    Shift
2026-05-12 15:55:51 | INFO     | threshold            |   --------------------------------------------
2026-05-12 15:55:51 | INFO     | threshold            |   f1_max             0.3401     0.3621  +0.0220
2026-05-12 15:55:51 | INFO     | threshold            |   youden             0.4784     0.4784  +0.0000
2026-05-12 15:55:51 | INFO     | threshold            |   cost               0.1282     0.0445  -0.0837
2026-05-12 15:55:51 | INFO     | threshold            | 
==================================================
2026-05-12 15:55:51 | INFO     | threshold            | Step 4: Window-based threshold analysis
2026-05-12 15:55:51 | INFO     | threshold            | ==================================================
2026-05-12 15:55:51 | INFO     | threshold            |   Val  threshold range: [0.2829, 0.3958]  mean=0.3384
2026-05-12 15:55:51 | INFO     | threshold            |   Test threshold range: [0.3401, 0.4914]  mean=0.3957
2026-05-12 15:55:51 | INFO     | threshold            |   Threshold shift val→test: +0.0573
2026-05-12 15:55:51 | INFO     | threshold            | 
==================================================
2026-05-12 15:55:51 | INFO     | threshold            | Step 5: Recommended threshold for drifted production
2026-05-12 15:55:51 | INFO     | threshold            | ==================================================
2026-05-12 15:55:51 | INFO     | threshold            |   Fixed 0.50     : F1=0.4683  Recall=0.4530
2026-05-12 15:55:51 | INFO     | threshold            |   Cost-sensitive : F1=0.5126  Recall=0.9950  thr=0.1282
2026-05-12 15:55:51 | INFO     | threshold            |   F1 improvement : +0.0442
2026-05-12 15:55:51 | INFO     | threshold            |   Recall gain    : +0.5420
2026-05-12 15:55:51 | INFO     | threshold            |   → Cost-sensitive threshold captures 3158 more true readmissions
2026-05-12 15:55:51 | INFO     | threshold            | 
==================================================
2026-05-12 15:55:51 | INFO     | threshold            | Step 6: Generating plots
2026-05-12 15:55:51 | INFO     | threshold            | ==================================================
2026-05-12 15:55:58 | INFO     | threshold            |   Saved: 28_threshold_analysis_lgbm_v1.png
2026-05-12 15:55:59 | INFO     | threshold            |   Saved: 29_threshold_drift_lgbm_v1.png
2026-05-12 15:55:59 | INFO     | threshold            |   Threshold report saved: C:\Users\sharg\Desktop\github\DriftSentinel\outputs\log\threshold_report_lgbm_v1.json
2026-05-12 15:55:59 | INFO     | threshold            | ======================================================================
2026-05-12 15:55:59 | INFO     | threshold            | Threshold Optimization Complete
2026-05-12 15:55:59 | INFO     | threshold            |   Recommended threshold : 0.1282 (cost-sensitive)
2026-05-12 15:55:59 | INFO     | threshold            |   vs fixed 0.50         : F1 +0.0442  Recall +0.5420
2026-05-12 15:55:59 | INFO     | threshold            |   Next: adversarial/ → README
2026-05-12 15:55:59 | INFO     | threshold            | ======================================================================
